Traceback (most recent call last):
  File "C:\Users\garre\miniconda3\envs\jbook\Lib\site-packages\jupyter_cache\executors\utils.py", line 58, in single_nb_execution
    executenb(
  File "C:\Users\garre\miniconda3\envs\jbook\Lib\site-packages\nbclient\client.py", line 1323, in execute
    return NotebookClient(nb=nb, resources=resources, km=km, **kwargs).execute()
           ^^^^^^^^^^^^^^^^^^^^^^^^^^^^^^^^^^^^^^^^^^^^^^^^^^^^^^^^^^^^^^^^^^^^^
  File "C:\Users\garre\miniconda3\envs\jbook\Lib\site-packages\jupyter_core\utils\__init__.py", line 165, in wrapped
    return loop.run_until_complete(inner)
           ^^^^^^^^^^^^^^^^^^^^^^^^^^^^^^
  File "C:\Users\garre\miniconda3\envs\jbook\Lib\asyncio\base_events.py", line 654, in run_until_complete
    return future.result()
           ^^^^^^^^^^^^^^^
  File "C:\Users\garre\miniconda3\envs\jbook\Lib\site-packages\nbclient\client.py", line 709, in async_execute
    await self.async_execute_cell(
  File "C:\Users\garre\miniconda3\envs\jbook\Lib\site-packages\nbclient\client.py", line 1062, in async_execute_cell
    await self._check_raise_for_error(cell, cell_index, exec_reply)
  File "C:\Users\garre\miniconda3\envs\jbook\Lib\site-packages\nbclient\client.py", line 918, in _check_raise_for_error
    raise CellExecutionError.from_cell_and_msg(cell, exec_reply_content)
nbclient.exceptions.CellExecutionError: An error occurred while executing the following cell:
------------------
import numpy as np # garrett's cheating a little here by using numpy, but it works!
arr = np.array([i for i in range(1,21)])
x = np.lcm.reduce(arr)
print(x)
------------------


[31m---------------------------------------------------------------------------[39m
[31mModuleNotFoundError[39m                       Traceback (most recent call last)
[36mCell[39m[36m [39m[32mIn[3][39m[32m, line 1[39m
[32m----> [39m[32m1[39m [38;5;28;01mimport[39;00m numpy [38;5;28;01mas[39;00m np [38;5;66;03m# garrett's cheating a little here by using numpy, but it works![39;00m
[32m      2[39m arr = np.array([i [38;5;28;01mfor[39;00m i [38;5;28;01min[39;00m range([32m1[39m,[32m21[39m)])
[32m      3[39m x = np.lcm.reduce(arr)
[32m      4[39m print(x)

[31mModuleNotFoundError[39m: No module named 'numpy'

