Traceback (most recent call last):
  File "C:\Users\garre\miniconda3\envs\jbook\Lib\site-packages\jupyter_cache\executors\utils.py", line 58, in single_nb_execution
    executenb(
  File "C:\Users\garre\miniconda3\envs\jbook\Lib\site-packages\nbclient\client.py", line 1323, in execute
    return NotebookClient(nb=nb, resources=resources, km=km, **kwargs).execute()
           ^^^^^^^^^^^^^^^^^^^^^^^^^^^^^^^^^^^^^^^^^^^^^^^^^^^^^^^^^^^^^^^^^^^^^
  File "C:\Users\garre\miniconda3\envs\jbook\Lib\site-packages\jupyter_core\utils\__init__.py", line 165, in wrapped
    return loop.run_until_complete(inner)
           ^^^^^^^^^^^^^^^^^^^^^^^^^^^^^^
  File "C:\Users\garre\miniconda3\envs\jbook\Lib\asyncio\base_events.py", line 654, in run_until_complete
    return future.result()
           ^^^^^^^^^^^^^^^
  File "C:\Users\garre\miniconda3\envs\jbook\Lib\site-packages\nbclient\client.py", line 709, in async_execute
    await self.async_execute_cell(
  File "C:\Users\garre\miniconda3\envs\jbook\Lib\site-packages\nbclient\client.py", line 1062, in async_execute_cell
    await self._check_raise_for_error(cell, cell_index, exec_reply)
  File "C:\Users\garre\miniconda3\envs\jbook\Lib\site-packages\nbclient\client.py", line 918, in _check_raise_for_error
    raise CellExecutionError.from_cell_and_msg(cell, exec_reply_content)
nbclient.exceptions.CellExecutionError: An error occurred while executing the following cell:
------------------
for i in [2, 100, 1000, 5000]:
    buffons_needle(i)
------------------


[31m---------------------------------------------------------------------------[39m
[31mZeroDivisionError[39m                         Traceback (most recent call last)
[36mCell[39m[36m [39m[32mIn[7][39m[32m, line 2[39m
[32m      1[39m [38;5;28;01mfor[39;00m i [38;5;28;01min[39;00m [[32m2[39m, [32m100[39m, [32m1000[39m, [32m5000[39m]:
[32m----> [39m[32m2[39m     buffons_needle(i)

[36mCell[39m[36m [39m[32mIn[6][39m[32m, line 30[39m, in [36mbuffons_needle[39m[34m(num_needles)[39m
[32m     26[39m         ys1.append(y_center - dy)
[32m     27[39m         xs2.append(x2)
[32m     28[39m         ys2.append(y_center + dy)
[32m     29[39m 
[32m---> [39m[32m30[39m     pi_estimate = ([32m2[39m*num_needles) / hits
[32m     31[39m 
[32m     32[39m     fig, ax = plt.subplots(figsize=([32m6[39m, [32m6[39m))
[32m     33[39m 

[31mZeroDivisionError[39m: division by zero

